// Jest Snapshot v1, https://goo.gl/fbAQLP

exports[`Fail message snapshot 1`] = `
"[2mexpect([22m[31mreceived[39m[2m).[22mnot[2m.[22mtoMatchSchema[2m([22m[32mschema[39m[2m)[22m

Received:
{
  \\"a\\" [31m[1][0m: false
}
[31m
[1] \\"a\\" must be a string[0m"
`;

exports[`Pass message snapshot 1`] = `
"[2mexpect([22m[31mreceived[39m[2m).[22mnot[2m.[22mtoMatchSchema[2m([22m[32mschema[39m[2m)[22m

Schema:
[32m{[39m
[32m  type: \\"object\\",[39m
[32m  keys: {[39m
[32m    a: {[39m
[32m      type: \\"string\\",[39m
[32m      flags: {[39m
[32m        presence: \\"required\\"[39m
[32m      }[39m
[32m    }[39m
[32m  }[39m
[32m}[39m

Received:
[31m{[39m
[31m  a: false[39m
[31m}[39m"
`;
